<?xml version="1.0" encoding="UTF-8" ?>
<testsuites name="vitest tests" tests="233" failures="0" errors="0" time="4.92523825">
    <testsuite name="tests/admin/AdminController.test.ts" timestamp="2026-02-15T19:21:29.800Z" hostname="Mac.grafschaft.house" tests="6" failures="0" errors="0" skipped="0" time="0.450718708">
        <testcase classname="tests/admin/AdminController.test.ts" name="AdminController &gt; loads and maps admin stats" time="0.432212583">
        </testcase>
        <testcase classname="tests/admin/AdminController.test.ts" name="AdminController &gt; handles stats error" time="0.00815625">
            <system-err>
Admin-Statistik konnte nicht geladen werden: Error: quota
    at [90m/Users/johannes/Developer/sprechfunk-uebung/[39mtests/admin/AdminController.test.ts:69:47
[90m    at processTicksAndRejections (node:internal/process/task_queues:95:5)[39m
    at [90mfile:///Users/johannes/Developer/sprechfunk-uebung/[39mnode_modules/[4m@vitest/runner[24m/dist/index.js:915:20

            </system-err>
        </testcase>
        <testcase classname="tests/admin/AdminController.test.ts" name="AdminController &gt; loads paged exercises and updates list" time="0.000456959">
        </testcase>
        <testcase classname="tests/admin/AdminController.test.ts" name="AdminController &gt; delete flow tracks analytics and refreshes list" time="0.001899291">
        </testcase>
        <testcase classname="tests/admin/AdminController.test.ts" name="AdminController &gt; supports pagination next and renders statistik chart" time="0.00430275">
        </testcase>
        <testcase classname="tests/admin/AdminController.test.ts" name="AdminController &gt; handles open handlers, deletion cancel/error and setDb" time="0.001758375">
            <system-err>
❌ Fehler beim Löschen der Übung: Error: nope
    at [90m/Users/johannes/Developer/sprechfunk-uebung/[39mtests/admin/AdminController.test.ts:134:50
[90m    at processTicksAndRejections (node:internal/process/task_queues:95:5)[39m
    at [90mfile:///Users/johannes/Developer/sprechfunk-uebung/[39mnode_modules/[4m@vitest/runner[24m/dist/index.js:915:20

            </system-err>
        </testcase>
    </testsuite>
    <testsuite name="tests/admin/AdminView.test.ts" timestamp="2026-02-15T19:21:29.802Z" hostname="Mac.grafschaft.house" tests="5" failures="0" errors="0" skipped="0" time="0.218731084">
        <testcase classname="tests/admin/AdminView.test.ts" name="AdminView &gt; renders statistics and pagination info" time="0.100687583">
        </testcase>
        <testcase classname="tests/admin/AdminView.test.ts" name="AdminView &gt; renders list, filters and emits row actions" time="0.081108833">
        </testcase>
        <testcase classname="tests/admin/AdminView.test.ts" name="AdminView &gt; renders chart and destroys previous one" time="0.009293708">
        </testcase>
        <testcase classname="tests/admin/AdminView.test.ts" name="AdminView &gt; covers guard branches for missing dom nodes and list actions" time="0.008165583">
        </testcase>
        <testcase classname="tests/admin/AdminView.test.ts" name="AdminView &gt; covers row action ignore branches and positive search match" time="0.01677">
        </testcase>
    </testsuite>
    <testsuite name="tests/generator/GeneratorController.integration.test.ts" timestamp="2026-02-15T19:21:29.803Z" hostname="Mac.grafschaft.house" tests="2" failures="0" errors="0" skipped="0" time="0.685443916">
        <testcase classname="tests/generator/GeneratorController.integration.test.ts" name="GeneratorController startUebung integration &gt; generates and saves using templates" time="0.682644125">
        </testcase>
        <testcase classname="tests/generator/GeneratorController.integration.test.ts" name="GeneratorController startUebung integration &gt; generates and saves using upload" time="0.00088175">
        </testcase>
    </testsuite>
    <testsuite name="tests/generator/GeneratorController.test.ts" timestamp="2026-02-15T19:21:29.803Z" hostname="Mac.grafschaft.house" tests="39" failures="0" errors="0" skipped="0" time="0.40970775">
        <testcase classname="tests/generator/GeneratorController.test.ts" name="GeneratorController &gt; handleRoute loads uebung and updates UI" time="0.378664625">
        </testcase>
        <testcase classname="tests/generator/GeneratorController.test.ts" name="GeneratorController &gt; handleRoute treats missing params as fresh exercise" time="0.002034459">
        </testcase>
        <testcase classname="tests/generator/GeneratorController.test.ts" name="GeneratorController &gt; handleRoute normalizes undefined id param to null" time="0.000482458">
        </testcase>
        <testcase classname="tests/generator/GeneratorController.test.ts" name="GeneratorController &gt; throws when db is not initialized" time="0.001209167">
        </testcase>
        <testcase classname="tests/generator/GeneratorController.test.ts" name="GeneratorController &gt; reuses singleton instance" time="0.000360959">
        </testcase>
        <testcase classname="tests/generator/GeneratorController.test.ts" name="GeneratorController &gt; shuffleLoesungswoerter handles errors" time="0.000585625">
        </testcase>
        <testcase classname="tests/generator/GeneratorController.test.ts" name="GeneratorController &gt; shuffleLoesungswoerter sets central word" time="0.000521">
        </testcase>
        <testcase classname="tests/generator/GeneratorController.test.ts" name="GeneratorController &gt; shuffleLoesungswoerter handles missing input and undefined central word" time="0.000393166">
        </testcase>
        <testcase classname="tests/generator/GeneratorController.test.ts" name="GeneratorController &gt; shuffleLoesungswoerter does not fail when central input is missing" time="0.000387541">
        </testcase>
        <testcase classname="tests/generator/GeneratorController.test.ts" name="GeneratorController &gt; readLoesungswoerterFromView uses central option" time="0.000930458">
        </testcase>
        <testcase classname="tests/generator/GeneratorController.test.ts" name="GeneratorController &gt; readLoesungswoerterFromView uses individual option" time="0.000755209">
        </testcase>
        <testcase classname="tests/generator/GeneratorController.test.ts" name="GeneratorController &gt; readLoesungswoerterFromView skips missing individual inputs" time="0.000394334">
        </testcase>
        <testcase classname="tests/generator/GeneratorController.test.ts" name="GeneratorController &gt; displayPage/changePage render preview pages" time="0.000427334">
        </testcase>
        <testcase classname="tests/generator/GeneratorController.test.ts" name="GeneratorController &gt; startUebung aborts when confirm is false and has messages" time="0.000699667">
        </testcase>
        <testcase classname="tests/generator/GeneratorController.test.ts" name="GeneratorController &gt; startUebung proceeds when confirm is true and messages exist" time="0.00081425">
        </testcase>
        <testcase classname="tests/generator/GeneratorController.test.ts" name="GeneratorController &gt; startUebung requires templates selection" time="0.000341333">
        </testcase>
        <testcase classname="tests/generator/GeneratorController.test.ts" name="GeneratorController &gt; startUebung validates missing templates" time="0.0003015">
        </testcase>
        <testcase classname="tests/generator/GeneratorController.test.ts" name="GeneratorController &gt; startUebung upload requires file" time="0.000298583">
        </testcase>
        <testcase classname="tests/generator/GeneratorController.test.ts" name="GeneratorController &gt; renderResultIfAvailable only renders when messages exist" time="0.000330208">
        </testcase>
        <testcase classname="tests/generator/GeneratorController.test.ts" name="GeneratorController &gt; renderUebungResult renders stats" time="0.000484">
        </testcase>
        <testcase classname="tests/generator/GeneratorController.test.ts" name="GeneratorController &gt; renderTeilnehmer enables stellenname when data present" time="0.000316417">
        </testcase>
        <testcase classname="tests/generator/GeneratorController.test.ts" name="GeneratorController &gt; validateSpruchVerteilung flags invalid combinations" time="0.000269583">
        </testcase>
        <testcase classname="tests/generator/GeneratorController.test.ts" name="GeneratorController &gt; loadUebung returns cached exercise when id matches" time="0.000286708">
        </testcase>
        <testcase classname="tests/generator/GeneratorController.test.ts" name="GeneratorController &gt; loadUebung returns new exercise for empty id" time="0.000634125">
        </testcase>
        <testcase classname="tests/generator/GeneratorController.test.ts" name="GeneratorController &gt; loadUebung fills missing teilnehmerStellen for loaded exercises" time="0.000325625">
        </testcase>
        <testcase classname="tests/generator/GeneratorController.test.ts" name="GeneratorController &gt; loadUebung keeps existing teilnehmerStellen" time="0.00028875">
        </testcase>
        <testcase classname="tests/generator/GeneratorController.test.ts" name="GeneratorController &gt; loadUebung returns new exercise when backend returns null" time="0.000309666">
        </testcase>
        <testcase classname="tests/generator/GeneratorController.test.ts" name="GeneratorController &gt; bindEvents handles loesungswort option &apos;none&apos; without shuffle" time="0.004588">
        </testcase>
        <testcase classname="tests/generator/GeneratorController.test.ts" name="GeneratorController &gt; bindEvents wires distribution, teilnehmer, anmeldung and primary actions" time="0.002388542">
        </testcase>
        <testcase classname="tests/generator/GeneratorController.test.ts" name="GeneratorController &gt; copyJSONToClipboard passes serialized exercise to the view" time="0.00041575">
        </testcase>
        <testcase classname="tests/generator/GeneratorController.test.ts" name="GeneratorController &gt; startUebung stops when template fetch fails" time="0.001015">
        </testcase>
        <testcase classname="tests/generator/GeneratorController.test.ts" name="GeneratorController &gt; fetchBuildInfo updates buildInfo on success" time="0.000290708">
        </testcase>
        <testcase classname="tests/generator/GeneratorController.test.ts" name="GeneratorController &gt; updates, adds and removes teilnehmer via state service wrappers" time="0.000651375">
        </testcase>
        <testcase classname="tests/generator/GeneratorController.test.ts" name="GeneratorController &gt; renderTeilnehmer triggers shuffle when requested" time="0.000302916">
        </testcase>
        <testcase classname="tests/generator/GeneratorController.test.ts" name="GeneratorController &gt; renderTeilnehmer normalizes missing loesungswoerter for view" time="0.000452625">
        </testcase>
        <testcase classname="tests/generator/GeneratorController.test.ts" name="GeneratorController &gt; startUebung aborts when validateSpruchVerteilung fails" time="0.001274292">
        </testcase>
        <testcase classname="tests/generator/GeneratorController.test.ts" name="GeneratorController &gt; validateSpruchVerteilung handles anmeldung-only lower bound" time="0.000347167">
        </testcase>
        <testcase classname="tests/generator/GeneratorController.test.ts" name="GeneratorController &gt; covers defensive missing-template throw in map callback" time="0.002111167">
        </testcase>
        <testcase classname="tests/generator/GeneratorController.test.ts" name="GeneratorController &gt; createConfigFingerprint normalizes optional objects" time="0.000456167">
        </testcase>
    </testsuite>
    <testsuite name="tests/generator/GeneratorPreviewService.test.ts" timestamp="2026-02-15T19:21:29.808Z" hostname="Mac.grafschaft.house" tests="3" failures="0" errors="0" skipped="0" time="0.006733125">
        <testcase classname="tests/generator/GeneratorPreviewService.test.ts" name="GeneratorPreviewService &gt; generates pages and navigates" time="0.004632375">
        </testcase>
        <testcase classname="tests/generator/GeneratorPreviewService.test.ts" name="GeneratorPreviewService &gt; returns null when out of range" time="0.000221167">
        </testcase>
        <testcase classname="tests/generator/GeneratorPreviewService.test.ts" name="GeneratorPreviewService &gt; returns null when page html is empty" time="0.000090959">
        </testcase>
    </testsuite>
    <testsuite name="tests/generator/GeneratorStateService.test.ts" timestamp="2026-02-15T19:21:29.808Z" hostname="Mac.grafschaft.house" tests="18" failures="0" errors="0" skipped="0" time="0.013127167">
        <testcase classname="tests/generator/GeneratorStateService.test.ts" name="GeneratorStateService &gt; updates teilnehmer name and keeps mappings" time="0.005789292">
        </testcase>
        <testcase classname="tests/generator/GeneratorStateService.test.ts" name="GeneratorStateService &gt; ignores update when index is invalid" time="0.001706208">
        </testcase>
        <testcase classname="tests/generator/GeneratorStateService.test.ts" name="GeneratorStateService &gt; no-op when name is unchanged" time="0.000237916">
        </testcase>
        <testcase classname="tests/generator/GeneratorStateService.test.ts" name="GeneratorStateService &gt; updates name even without mappings" time="0.000158709">
        </testcase>
        <testcase classname="tests/generator/GeneratorStateService.test.ts" name="GeneratorStateService &gt; removes teilnehmer and related data" time="0.000312542">
        </testcase>
        <testcase classname="tests/generator/GeneratorStateService.test.ts" name="GeneratorStateService &gt; removeTeilnehmer is no-op for invalid index" time="0.000156042">
        </testcase>
        <testcase classname="tests/generator/GeneratorStateService.test.ts" name="GeneratorStateService &gt; removeTeilnehmer skips missing mappings" time="0.000136791">
        </testcase>
        <testcase classname="tests/generator/GeneratorStateService.test.ts" name="GeneratorStateService &gt; sets zentrale loesungswoerter for all teilnehmer" time="0.0002185">
        </testcase>
        <testcase classname="tests/generator/GeneratorStateService.test.ts" name="GeneratorStateService &gt; shuffles central word and returns it" time="0.000308875">
        </testcase>
        <testcase classname="tests/generator/GeneratorStateService.test.ts" name="GeneratorStateService &gt; returns error on central shuffle without words" time="0.00015325">
        </testcase>
        <testcase classname="tests/generator/GeneratorStateService.test.ts" name="GeneratorStateService &gt; handles individual shuffle" time="0.000300042">
        </testcase>
        <testcase classname="tests/generator/GeneratorStateService.test.ts" name="GeneratorStateService &gt; returns error for individual shuffle with empty list" time="0.000172833">
        </testcase>
        <testcase classname="tests/generator/GeneratorStateService.test.ts" name="GeneratorStateService &gt; central shuffle handles undefined word" time="0.000339">
        </testcase>
        <testcase classname="tests/generator/GeneratorStateService.test.ts" name="GeneratorStateService &gt; returns empty result for option none" time="0.0001575">
        </testcase>
        <testcase classname="tests/generator/GeneratorStateService.test.ts" name="GeneratorStateService &gt; skips empty words in individuelle loesungswoerter" time="0.000113291">
        </testcase>
        <testcase classname="tests/generator/GeneratorStateService.test.ts" name="GeneratorStateService &gt; updates teilnehmer stelle and removes on empty" time="0.000200542">
        </testcase>
        <testcase classname="tests/generator/GeneratorStateService.test.ts" name="GeneratorStateService &gt; addTeilnehmer appends empty string" time="0.000144">
        </testcase>
        <testcase classname="tests/generator/GeneratorStateService.test.ts" name="GeneratorStateService &gt; setIndividuelleLoesungswoerter is no-op for empty list" time="0.000111417">
        </testcase>
    </testsuite>
    <testsuite name="tests/generator/GeneratorStatsService.test.ts" timestamp="2026-02-15T19:21:29.810Z" hostname="Mac.grafschaft.house" tests="7" failures="0" errors="0" skipped="0" time="0.008589833">
        <testcase classname="tests/generator/GeneratorStatsService.test.ts" name="GeneratorStatsService &gt; calculates duration stats deterministically" time="0.002712333">
        </testcase>
        <testcase classname="tests/generator/GeneratorStatsService.test.ts" name="GeneratorStatsService &gt; uses repetition factor when random &lt; 0.3" time="0.000240375">
        </testcase>
        <testcase classname="tests/generator/GeneratorStatsService.test.ts" name="GeneratorStatsService &gt; handles empty messages" time="0.000231084">
        </testcase>
        <testcase classname="tests/generator/GeneratorStatsService.test.ts" name="GeneratorStatsService &gt; calculates distribution" time="0.003124709">
        </testcase>
        <testcase classname="tests/generator/GeneratorStatsService.test.ts" name="GeneratorStatsService &gt; counts &apos;Alle&apos; for all except sender" time="0.000231833">
        </testcase>
        <testcase classname="tests/generator/GeneratorStatsService.test.ts" name="GeneratorStatsService &gt; ignores recipients not in distribution" time="0.000198084">
        </testcase>
        <testcase classname="tests/generator/GeneratorStatsService.test.ts" name="GeneratorStatsService &gt; excludes leitung from labels" time="0.000224209">
        </testcase>
    </testsuite>
    <testsuite name="tests/generator/GeneratorView.test.ts" timestamp="2026-02-15T19:21:29.811Z" hostname="Mac.grafschaft.house" tests="16" failures="0" errors="0" skipped="0" time="0.900000834">
        <testcase classname="tests/generator/GeneratorView.test.ts" name="GeneratorView &gt; renders app and can read form data" time="0.212110416">
        </testcase>
        <testcase classname="tests/generator/GeneratorView.test.ts" name="GeneratorView &gt; sets form values, version info and source toggles" time="0.055672375">
        </testcase>
        <testcase classname="tests/generator/GeneratorView.test.ts" name="GeneratorView &gt; renders participant section, distribution and links table" time="0.088846">
            <system-err>
Not implemented: navigation to another Document

            </system-err>
        </testcase>
        <testcase classname="tests/generator/GeneratorView.test.ts" name="GeneratorView &gt; binds participant events and primary actions" time="0.087292084">
        </testcase>
        <testcase classname="tests/generator/GeneratorView.test.ts" name="GeneratorView &gt; handles templates, previews, status, chart and json copy" time="0.08728425">
        </testcase>
        <testcase classname="tests/generator/GeneratorView.test.ts" name="GeneratorView &gt; covers option, source and clipboard fallback branches" time="0.054885167">
        </testcase>
        <testcase classname="tests/generator/GeneratorView.test.ts" name="GeneratorView &gt; covers bindings for source/loesungswort/anmeldung and preview null" time="0.05216475">
        </testcase>
        <testcase classname="tests/generator/GeneratorView.test.ts" name="GeneratorView &gt; covers guard clauses when dom elements are missing" time="0.044762334">
        </testcase>
        <testcase classname="tests/generator/GeneratorView.test.ts" name="GeneratorView &gt; covers chart destroy, copy json error path and render guard" time="0.042715917">
        </testcase>
        <testcase classname="tests/generator/GeneratorView.test.ts" name="GeneratorView &gt; covers generator status mode labels and link action error branches" time="0.02704075">
        </testcase>
        <testcase classname="tests/generator/GeneratorView.test.ts" name="GeneratorView &gt; covers private helper branches" time="0.038454166">
        </testcase>
        <testcase classname="tests/generator/GeneratorView.test.ts" name="GeneratorView &gt; covers renderLinks guard and copy/mail button branches" time="0.01436225">
            <system-err>
Not implemented: navigation to another Document

            </system-err>
        </testcase>
        <testcase classname="tests/generator/GeneratorView.test.ts" name="GeneratorView &gt; covers additional helper guards in generator view" time="0.024015333">
        </testcase>
        <testcase classname="tests/generator/GeneratorView.test.ts" name="GeneratorView &gt; covers individual mode rendering and helper branches" time="0.025495">
        </testcase>
        <testcase classname="tests/generator/GeneratorView.test.ts" name="GeneratorView &gt; covers teilnehmer-body missing branch" time="0.020998542">
        </testcase>
        <testcase classname="tests/generator/GeneratorView.test.ts" name="GeneratorView &gt; covers additional guard branches and central value getter" time="0.021393375">
        </testcase>
    </testsuite>
    <testsuite name="tests/core/App.test.ts" timestamp="2026-02-15T19:21:29.813Z" hostname="Mac.grafschaft.house" tests="5" failures="0" errors="0" skipped="0" time="0.48872375">
        <testcase classname="tests/core/App.test.ts" name="App &gt; initializes core components and exposes globals" time="0.43199025">
        </testcase>
        <testcase classname="tests/core/App.test.ts" name="App &gt; routes to admin handler" time="0.008087709">
        </testcase>
        <testcase classname="tests/core/App.test.ts" name="App &gt; routes to uebungsleitung and teilnehmer modes" time="0.011311083">
        </testcase>
        <testcase classname="tests/core/App.test.ts" name="App &gt; warns and aborts routing when db is missing" time="0.009817709">
        </testcase>
        <testcase classname="tests/core/App.test.ts" name="App &gt; does not initialize uebungsleitung without id" time="0.025235125">
        </testcase>
    </testsuite>
    <testsuite name="tests/core/AppView.test.ts" timestamp="2026-02-15T19:21:29.813Z" hostname="Mac.grafschaft.house" tests="13" failures="0" errors="0" skipped="0" time="0.132787917">
        <testcase classname="tests/core/AppView.test.ts" name="AppView &gt; wires global click listeners and tracks events" time="0.003943542">
        </testcase>
        <testcase classname="tests/core/AppView.test.ts" name="AppView &gt; uses fallback labels and skips tracking when gtag missing" time="0.000388375">
        </testcase>
        <testcase classname="tests/core/AppView.test.ts" name="AppView &gt; ignores invalid delegated click targets" time="0.00212175">
        </testcase>
        <testcase classname="tests/core/AppView.test.ts" name="AppView &gt; does not track delegated event when gtag is unavailable" time="0.00023925">
        </testcase>
        <testcase classname="tests/core/AppView.test.ts" name="AppView &gt; does not initialize select2 when select is missing" time="0.000167375">
        </testcase>
        <testcase classname="tests/core/AppView.test.ts" name="AppView &gt; does not initialize select2 when plugin is missing" time="0.000177458">
        </testcase>
        <testcase classname="tests/core/AppView.test.ts" name="AppView &gt; loads howto modal content" time="0.018581">
        </testcase>
        <testcase classname="tests/core/AppView.test.ts" name="AppView &gt; handles howto load errors" time="0.001269541">
        </testcase>
        <testcase classname="tests/core/AppView.test.ts" name="AppView &gt; does nothing when howto container is missing" time="0.000188458">
        </testcase>
        <testcase classname="tests/core/AppView.test.ts" name="AppView &gt; applies app mode visibility" time="0.000484083">
        </testcase>
        <testcase classname="tests/core/AppView.test.ts" name="AppView &gt; handles missing app mode containers safely" time="0.0001715">
        </testcase>
        <testcase classname="tests/core/AppView.test.ts" name="AppView &gt; tracks change/submit events via real DOM elements" time="0.101825416">
        </testcase>
        <testcase classname="tests/core/AppView.test.ts" name="AppView &gt; ignores invalid change and submit targets" time="0.000607167">
        </testcase>
    </testsuite>
    <testsuite name="tests/core/NatoClock.test.ts" timestamp="2026-02-15T19:21:29.815Z" hostname="Mac.grafschaft.house" tests="2" failures="0" errors="0" skipped="0" time="0.013425417">
        <testcase classname="tests/core/NatoClock.test.ts" name="NatoClock &gt; renders NATO time into element" time="0.009749916">
        </testcase>
        <testcase classname="tests/core/NatoClock.test.ts" name="NatoClock &gt; does nothing when target element is missing" time="0.001809166">
        </testcase>
    </testsuite>
    <testsuite name="tests/core/ThemeManager.test.ts" timestamp="2026-02-15T19:21:29.815Z" hostname="Mac.grafschaft.house" tests="5" failures="0" errors="0" skipped="0" time="0.006689583">
        <testcase classname="tests/core/ThemeManager.test.ts" name="ThemeManager &gt; applies stored theme on init" time="0.003618917">
        </testcase>
        <testcase classname="tests/core/ThemeManager.test.ts" name="ThemeManager &gt; falls back to system theme and toggles on click" time="0.000529292">
        </testcase>
        <testcase classname="tests/core/ThemeManager.test.ts" name="ThemeManager &gt; activates star trek on double click" time="0.000393917">
        </testcase>
        <testcase classname="tests/core/ThemeManager.test.ts" name="ThemeManager &gt; toggle from startrek goes to dark and system change is ignored when startrek stored" time="0.000276333">
        </testcase>
        <testcase classname="tests/core/ThemeManager.test.ts" name="ThemeManager &gt; applies system change when no theme is stored" time="0.000213291">
        </testcase>
    </testsuite>
    <testsuite name="tests/core/UiFeedback.test.ts" timestamp="2026-02-15T19:21:29.816Z" hostname="Mac.grafschaft.house" tests="5" failures="0" errors="0" skipped="0" time="0.009905458">
        <testcase classname="tests/core/UiFeedback.test.ts" name="UiFeedback &gt; confirm uses global confirm when available" time="0.00521175">
        </testcase>
        <testcase classname="tests/core/UiFeedback.test.ts" name="UiFeedback &gt; confirm falls back to true without confirm fn" time="0.000549708">
        </testcase>
        <testcase classname="tests/core/UiFeedback.test.ts" name="UiFeedback &gt; renders toast container and toast entries" time="0.00176625">
        </testcase>
        <testcase classname="tests/core/UiFeedback.test.ts" name="UiFeedback &gt; calls alert for error when no body available" time="0.000346167">
        </testcase>
        <testcase classname="tests/core/UiFeedback.test.ts" name="UiFeedback &gt; reuses existing toast container" time="0.000412667">
        </testcase>
    </testsuite>
    <testsuite name="tests/core/router.test.ts" timestamp="2026-02-15T19:21:29.816Z" hostname="Mac.grafschaft.house" tests="3" failures="0" errors="0" skipped="0" time="0.025822041">
        <testcase classname="tests/core/router.test.ts" name="router &gt; parses hash and notifies subscribers" time="0.02387525">
        </testcase>
        <testcase classname="tests/core/router.test.ts" name="router &gt; navigate updates hash" time="0.000345042">
        </testcase>
        <testcase classname="tests/core/router.test.ts" name="router &gt; defaults to generator on empty hash" time="0.000157709">
        </testcase>
    </testsuite>
    <testsuite name="tests/pdf/BasePDF.test.ts" timestamp="2026-02-15T19:21:29.817Z" hostname="Mac.grafschaft.house" tests="1" failures="0" errors="0" skipped="0" time="0.006460209">
        <testcase classname="tests/pdf/BasePDF.test.ts" name="BasePDF &gt; handles blob and text drawing helpers" time="0.005075083">
        </testcase>
    </testsuite>
    <testsuite name="tests/pdf/BasePDFTeilnehmer.test.ts" timestamp="2026-02-15T19:21:29.817Z" hostname="Mac.grafschaft.house" tests="1" failures="0" errors="0" skipped="0" time="0.007329333">
        <testcase classname="tests/pdf/BasePDFTeilnehmer.test.ts" name="BasePDFTeilnehmer &gt; formats participant display name and draws debug box" time="0.005744416">
        </testcase>
    </testsuite>
    <testsuite name="tests/pdf/Teilnehmer.test.ts" timestamp="2026-02-15T19:21:29.817Z" hostname="Mac.grafschaft.house" tests="2" failures="0" errors="0" skipped="0" time="0.008423833">
        <testcase classname="tests/pdf/Teilnehmer.test.ts" name="pdf/Teilnehmer &gt; draws participant report with mocked jsPDF api" time="0.006013208">
        </testcase>
        <testcase classname="tests/pdf/Teilnehmer.test.ts" name="pdf/Teilnehmer &gt; handles page 1 only and participant table gaps" time="0.000592791">
        </testcase>
    </testsuite>
    <testsuite name="tests/pdf/Uebungsleitung.test.ts" timestamp="2026-02-15T19:21:29.817Z" hostname="Mac.grafschaft.house" tests="2" failures="0" errors="0" skipped="0" time="0.028185917">
        <testcase classname="tests/pdf/Uebungsleitung.test.ts" name="pdf/Uebungsleitung &gt; draws instructor PDF with local data" time="0.025571917">
            <system-out>
A__1
B__1

            </system-out>
        </testcase>
        <testcase classname="tests/pdf/Uebungsleitung.test.ts" name="pdf/Uebungsleitung &gt; handles missing arrays and single-page footer/header branches" time="0.000818959">
        </testcase>
    </testsuite>
    <testsuite name="tests/models/FunkUebung.test.ts" timestamp="2026-02-15T19:21:29.818Z" hostname="Mac.grafschaft.house" tests="3" failures="0" errors="0" skipped="0" time="0.006793125">
        <testcase classname="tests/models/FunkUebung.test.ts" name="FunkUebung &gt; initializes with defaults" time="0.003386583">
        </testcase>
        <testcase classname="tests/models/FunkUebung.test.ts" name="FunkUebung &gt; updates checksum and toJson returns valid JSON" time="0.00179475">
        </testcase>
        <testcase classname="tests/models/FunkUebung.test.ts" name="FunkUebung &gt; uses fallback id generation when randomUUID is unavailable" time="0.000148209">
        </testcase>
    </testsuite>
    <testsuite name="tests/state/store.test.ts" timestamp="2026-02-15T19:21:29.818Z" hostname="Mac.grafschaft.house" tests="1" failures="0" errors="0" skipped="0" time="0.006549875">
        <testcase classname="tests/state/store.test.ts" name="store &gt; setState updates and notifies" time="0.004395459">
        </testcase>
    </testsuite>
    <testsuite name="tests/services/FirebaseService.remote.test.ts" timestamp="2026-02-15T19:21:29.818Z" hostname="Mac.grafschaft.house" tests="3" failures="0" errors="0" skipped="0" time="0.042208">
        <testcase classname="tests/services/FirebaseService.remote.test.ts" name="FirebaseService firestore path &gt; getUebung returns mapped domain for existing doc and null for missing" time="0.033529916">
        </testcase>
        <testcase classname="tests/services/FirebaseService.remote.test.ts" name="FirebaseService firestore path &gt; save/delete/paging/snapshot use firestore functions" time="0.002652584">
        </testcase>
        <testcase classname="tests/services/FirebaseService.remote.test.ts" name="FirebaseService firestore path &gt; computes admin stats from firestore snapshot" time="0.000753959">
        </testcase>
    </testsuite>
    <testsuite name="tests/services/FirebaseService.test.ts" timestamp="2026-02-15T19:21:29.819Z" hostname="Mac.grafschaft.house" tests="8" failures="0" errors="0" skipped="0" time="0.01558475">
        <testcase classname="tests/services/FirebaseService.test.ts" name="FirebaseService local mock mode &gt; saves and loads exercises from mock store" time="0.008279875">
        </testcase>
        <testcase classname="tests/services/FirebaseService.test.ts" name="FirebaseService local mock mode &gt; deletes exercises from mock store" time="0.000563334">
        </testcase>
        <testcase classname="tests/services/FirebaseService.test.ts" name="FirebaseService local mock mode &gt; paginates and computes admin stats in mock mode" time="0.002114458">
        </testcase>
        <testcase classname="tests/services/FirebaseService.test.ts" name="FirebaseService local mock mode &gt; covers local helper branches and snapshot iteration" time="0.0003705">
        </testcase>
        <testcase classname="tests/services/FirebaseService.test.ts" name="FirebaseService local mock mode &gt; maps invalid/legacy values to safe domain defaults" time="0.000282834">
        </testcase>
        <testcase classname="tests/services/FirebaseService.test.ts" name="FirebaseService local mock mode &gt; covers getUebungenPaged next and delete in mock store" time="0.000886625">
        </testcase>
        <testcase classname="tests/services/FirebaseService.test.ts" name="FirebaseService local mock mode &gt; maps rich message payload incl staerken/letters and defaults" time="0.000423958">
        </testcase>
        <testcase classname="tests/services/FirebaseService.test.ts" name="FirebaseService local mock mode &gt; covers local mode guards when window/localStorage is unavailable" time="0.001270208">
        </testcase>
    </testsuite>
    <testsuite name="tests/services/GenerationService.test.ts" timestamp="2026-02-15T19:21:29.819Z" hostname="Mac.grafschaft.house" tests="9" failures="0" errors="0" skipped="0" time="0.059866458">
        <testcase classname="tests/services/GenerationService.test.ts" name="GenerationService &gt; generates messages, ids, checksum and strengths" time="0.0096375">
            <system-err>
⚠ Konnte keine perfekte Verteilung finden. Nutze beste Lösung.

            </system-err>
        </testcase>
        <testcase classname="tests/services/GenerationService.test.ts" name="GenerationService &gt; updateChecksum reacts to data changes" time="0.001226875">
        </testcase>
        <testcase classname="tests/services/GenerationService.test.ts" name="GenerationService &gt; returns empty distribution if no messages provided" time="0.000442333">
        </testcase>
        <testcase classname="tests/services/GenerationService.test.ts" name="GenerationService &gt; handles UUID fallback and random helper branches" time="0.002274208">
        </testcase>
        <testcase classname="tests/services/GenerationService.test.ts" name="GenerationService &gt; distributes solution words and computes strengths from text and arrays" time="0.000639667">
        </testcase>
        <testcase classname="tests/services/GenerationService.test.ts" name="GenerationService &gt; adds missing strength messages when auto append is active" time="0.000299458">
        </testcase>
        <testcase classname="tests/services/GenerationService.test.ts" name="GenerationService &gt; covers shuffle fallback and special recipient distributions" time="0.042232083">
            <system-err>
⚠ Konnte keine perfekte Verteilung finden. Nutze beste Lösung.

            </system-err>
        </testcase>
        <testcase classname="tests/services/GenerationService.test.ts" name="GenerationService &gt; covers subset random branches and existing ids in generate" time="0.000806042">
        </testcase>
        <testcase classname="tests/services/GenerationService.test.ts" name="GenerationService &gt; covers strength parsing without auto append and low-message branch" time="0.000489708">
        </testcase>
    </testsuite>
    <testsuite name="tests/services/UebungHTMLGenerator.test.ts" timestamp="2026-02-15T19:21:29.821Z" hostname="Mac.grafschaft.house" tests="4" failures="0" errors="0" skipped="0" time="0.006561917">
        <testcase classname="tests/services/UebungHTMLGenerator.test.ts" name="UebungHTMLGenerator &gt; renders html for participant with messages" time="0.004474208">
        </testcase>
        <testcase classname="tests/services/UebungHTMLGenerator.test.ts" name="UebungHTMLGenerator &gt; renders html without loesungswort when missing" time="0.000303834">
        </testcase>
        <testcase classname="tests/services/UebungHTMLGenerator.test.ts" name="UebungHTMLGenerator &gt; includes loesungswort when present" time="0.000156833">
        </testcase>
        <testcase classname="tests/services/UebungHTMLGenerator.test.ts" name="UebungHTMLGenerator &gt; handles missing nachrichten list" time="0.000101375">
        </testcase>
    </testsuite>
    <testsuite name="tests/services/analytics.test.ts" timestamp="2026-02-15T19:21:29.822Z" hostname="Mac.grafschaft.house" tests="3" failures="0" errors="0" skipped="0" time="0.0084615">
        <testcase classname="tests/services/analytics.test.ts" name="analytics service &gt; initializes GA script and config" time="0.002651375">
        </testcase>
        <testcase classname="tests/services/analytics.test.ts" name="analytics service &gt; does not initialize on localhost unless forced" time="0.001107959">
        </testcase>
        <testcase classname="tests/services/analytics.test.ts" name="analytics service &gt; tracks page and event with sanitized params" time="0.003271542">
        </testcase>
    </testsuite>
    <testsuite name="tests/services/storage.test.ts" timestamp="2026-02-15T19:21:29.822Z" hostname="Mac.grafschaft.house" tests="6" failures="0" errors="0" skipped="0" time="0.008954">
        <testcase classname="tests/services/storage.test.ts" name="storage service &gt; initializes uebungsleitung storage when missing" time="0.004477041">
        </testcase>
        <testcase classname="tests/services/storage.test.ts" name="storage service &gt; recovers from invalid uebungsleitung JSON" time="0.001814334">
        </testcase>
        <testcase classname="tests/services/storage.test.ts" name="storage service &gt; saves and clears uebungsleitung storage" time="0.000407542">
        </testcase>
        <testcase classname="tests/services/storage.test.ts" name="storage service &gt; initializes teilnehmer storage when missing" time="0.000224209">
        </testcase>
        <testcase classname="tests/services/storage.test.ts" name="storage service &gt; recovers from invalid teilnehmer JSON" time="0.000208583">
        </testcase>
        <testcase classname="tests/services/storage.test.ts" name="storage service &gt; saves and clears teilnehmer storage" time="0.000208084">
        </testcase>
    </testsuite>
    <testsuite name="tests/teilnehmer/TeilnehmerController.test.ts" timestamp="2026-02-15T19:21:29.823Z" hostname="Mac.grafschaft.house" tests="20" failures="0" errors="0" skipped="0" time="0.294337541">
        <testcase classname="tests/teilnehmer/TeilnehmerController.test.ts" name="TeilnehmerController &gt; toggleUebertragen stores and removes transmission flags" time="0.260432375">
        </testcase>
        <testcase classname="tests/teilnehmer/TeilnehmerController.test.ts" name="TeilnehmerController &gt; init handles invalid link and missing/unknown exercises" time="0.001227917">
        </testcase>
        <testcase classname="tests/teilnehmer/TeilnehmerController.test.ts" name="TeilnehmerController &gt; init success renders and binds events" time="0.000730333">
        </testcase>
        <testcase classname="tests/teilnehmer/TeilnehmerController.test.ts" name="TeilnehmerController &gt; toggleHide updates storage and tracking" time="0.000616334">
        </testcase>
        <testcase classname="tests/teilnehmer/TeilnehmerController.test.ts" name="TeilnehmerController &gt; setDocMode tracks mode switches" time="0.000617625">
        </testcase>
        <testcase classname="tests/teilnehmer/TeilnehmerController.test.ts" name="TeilnehmerController &gt; downloadTeilnehmerZip creates a blob download and success toast" time="0.000619917">
        </testcase>
        <testcase classname="tests/teilnehmer/TeilnehmerController.test.ts" name="TeilnehmerController &gt; downloadTeilnehmerZip reports errors" time="0.000536209">
        </testcase>
        <testcase classname="tests/teilnehmer/TeilnehmerController.test.ts" name="TeilnehmerController &gt; toggleCurrentDocMessage toggles transmitted state and rerenders" time="0.000713958">
        </testcase>
        <testcase classname="tests/teilnehmer/TeilnehmerController.test.ts" name="TeilnehmerController &gt; toggleCurrentDocMessage adjusts page when hideTransmitted is active" time="0.000487458">
        </testcase>
        <testcase classname="tests/teilnehmer/TeilnehmerController.test.ts" name="TeilnehmerController &gt; setDocMode table tracks without rendering docs" time="0.000482625">
        </testcase>
        <testcase classname="tests/teilnehmer/TeilnehmerController.test.ts" name="TeilnehmerController &gt; changeDocPage respects boundaries and tracks valid changes" time="0.000620708">
        </testcase>
        <testcase classname="tests/teilnehmer/TeilnehmerController.test.ts" name="TeilnehmerController &gt; getDocBlob caches rendered blobs per mode/page" time="0.000506417">
        </testcase>
        <testcase classname="tests/teilnehmer/TeilnehmerController.test.ts" name="TeilnehmerController &gt; preloadPages queues surrounding pages and avoids table mode" time="0.006617083">
        </testcase>
        <testcase classname="tests/teilnehmer/TeilnehmerController.test.ts" name="TeilnehmerController &gt; initTeilnehmer shows teilnehmer area" time="0.00087">
        </testcase>
        <testcase classname="tests/teilnehmer/TeilnehmerController.test.ts" name="TeilnehmerController &gt; covers reset/guard branches and doc mode page restore" time="0.002689292">
        </testcase>
        <testcase classname="tests/teilnehmer/TeilnehmerController.test.ts" name="TeilnehmerController &gt; covers renderDocPage token mismatch and table/no-storage toggles" time="0.000938667">
        </testcase>
        <testcase classname="tests/teilnehmer/TeilnehmerController.test.ts" name="TeilnehmerController &gt; covers download guard and init without content" time="0.00113725">
        </testcase>
        <testcase classname="tests/teilnehmer/TeilnehmerController.test.ts" name="TeilnehmerController &gt; covers preload in-flight skip and revoke url branch" time="0.008997042">
        </testcase>
        <testcase classname="tests/teilnehmer/TeilnehmerController.test.ts" name="TeilnehmerController &gt; covers toggleHide in table mode and renderDocPage guard" time="0.000652">
        </testcase>
        <testcase classname="tests/teilnehmer/TeilnehmerController.test.ts" name="TeilnehmerController &gt; invokes bound callbacks from init to cover interaction paths" time="0.002490458">
        </testcase>
    </testsuite>
    <testsuite name="tests/teilnehmer/TeilnehmerView.test.ts" timestamp="2026-02-15T19:21:29.825Z" hostname="Mac.grafschaft.house" tests="8" failures="0" errors="0" skipped="0" time="0.358904542">
        <testcase classname="tests/teilnehmer/TeilnehmerView.test.ts" name="TeilnehmerView &gt; renders header and messages with filters, escaping and status" time="0.1570565">
        </testcase>
        <testcase classname="tests/teilnehmer/TeilnehmerView.test.ts" name="TeilnehmerView &gt; binds click/change/search/doc view events and keyboard shortcuts" time="0.059717625">
        </testcase>
        <testcase classname="tests/teilnehmer/TeilnehmerView.test.ts" name="TeilnehmerView &gt; switches doc mode and toggles modal classes" time="0.027140417">
        </testcase>
        <testcase classname="tests/teilnehmer/TeilnehmerView.test.ts" name="TeilnehmerView &gt; updates page label and buttons without canvas render path" time="0.022704834">
        </testcase>
        <testcase classname="tests/teilnehmer/TeilnehmerView.test.ts" name="TeilnehmerView &gt; covers bindEvents guard and invalid toggle ids" time="0.024179375">
        </testcase>
        <testcase classname="tests/teilnehmer/TeilnehmerView.test.ts" name="TeilnehmerView &gt; covers keyboard typing targets and no modal branch" time="0.026757375">
        </testcase>
        <testcase classname="tests/teilnehmer/TeilnehmerView.test.ts" name="TeilnehmerView &gt; covers render guards and additional delegation branches" time="0.023291">
        </testcase>
        <testcase classname="tests/teilnehmer/TeilnehmerView.test.ts" name="TeilnehmerView &gt; covers setDocMode guard and no-modal toggle path" time="0.015209209">
        </testcase>
    </testsuite>
    <testsuite name="tests/utils/date.test.ts" timestamp="2026-02-15T19:21:29.826Z" hostname="Mac.grafschaft.house" tests="6" failures="0" errors="0" skipped="0" time="0.007606208">
        <testcase classname="tests/utils/date.test.ts" name="formatNatoDate &gt; formats Date with time" time="0.004694792">
        </testcase>
        <testcase classname="tests/utils/date.test.ts" name="formatNatoDate &gt; formats Date without time" time="0.0001895">
        </testcase>
        <testcase classname="tests/utils/date.test.ts" name="formatNatoDate &gt; handles invalid input" time="0.000144833">
        </testcase>
        <testcase classname="tests/utils/date.test.ts" name="formatNatoDate &gt; accepts timestamp-like" time="0.000123292">
        </testcase>
        <testcase classname="tests/utils/date.test.ts" name="formatNatoDate &gt; returns dash when toDate throws" time="0.00011825">
        </testcase>
        <testcase classname="tests/utils/date.test.ts" name="nowIso &gt; returns ISO string" time="0.000441625">
        </testcase>
    </testsuite>
    <testsuite name="tests/utils/debounce.test.ts" timestamp="2026-02-15T19:21:29.826Z" hostname="Mac.grafschaft.house" tests="1" failures="0" errors="0" skipped="0" time="0.006355625">
        <testcase classname="tests/utils/debounce.test.ts" name="debounce &gt; calls wrapped fn only once for rapid calls" time="0.004812375">
        </testcase>
    </testsuite>
    <testsuite name="tests/utils/html.test.ts" timestamp="2026-02-15T19:21:29.827Z" hostname="Mac.grafschaft.house" tests="1" failures="0" errors="0" skipped="0" time="0.002930334">
        <testcase classname="tests/utils/html.test.ts" name="escapeHtml &gt; escapes all html special chars" time="0.001249916">
        </testcase>
    </testsuite>
    <testsuite name="tests/uebungsleitung/UebungsleitungController.test.ts" timestamp="2026-02-15T19:21:29.827Z" hostname="Mac.grafschaft.house" tests="12" failures="0" errors="0" skipped="0" time="0.271848459">
        <testcase classname="tests/uebungsleitung/UebungsleitungController.test.ts" name="UebungsleitungController &gt; init exits without id and with missing exercise" time="0.210219209">
            <system-err>
Keine Übungs-ID

Übung nicht gefunden

            </system-err>
        </testcase>
        <testcase classname="tests/uebungsleitung/UebungsleitungController.test.ts" name="UebungsleitungController &gt; init renders and binds events on success" time="0.001624291">
        </testcase>
        <testcase classname="tests/uebungsleitung/UebungsleitungController.test.ts" name="UebungsleitungController &gt; calculates ETA labels across branches" time="0.005475041">
        </testcase>
        <testcase classname="tests/uebungsleitung/UebungsleitungController.test.ts" name="UebungsleitungController &gt; calculates tempo/load/heatmap/timeline labels" time="0.019625875">
        </testcase>
        <testcase classname="tests/uebungsleitung/UebungsleitungController.test.ts" name="UebungsleitungController &gt; action methods mutate storage and track analytics" time="0.001240459">
        </testcase>
        <testcase classname="tests/uebungsleitung/UebungsleitungController.test.ts" name="UebungsleitungController &gt; download debrief handles success and error" time="0.000774417">
        </testcase>
        <testcase classname="tests/uebungsleitung/UebungsleitungController.test.ts" name="UebungsleitungController &gt; exports PDF and handles reset/init wrapper" time="0.021143667">
            <system-err>
Keine Übungs-ID

            </system-err>
        </testcase>
        <testcase classname="tests/uebungsleitung/UebungsleitungController.test.ts" name="UebungsleitungController &gt; covers metric helper edge branches" time="0.000926083">
        </testcase>
        <testcase classname="tests/uebungsleitung/UebungsleitungController.test.ts" name="UebungsleitungController &gt; covers eta/tempo/load/timeline additional branches" time="0.000569208">
        </testcase>
        <testcase classname="tests/uebungsleitung/UebungsleitungController.test.ts" name="UebungsleitungController &gt; covers guard branches for action methods with missing state" time="0.000322333">
        </testcase>
        <testcase classname="tests/uebungsleitung/UebungsleitungController.test.ts" name="UebungsleitungController &gt; covers render flow with active text filter focus restore" time="0.000620375">
        </testcase>
        <testcase classname="tests/uebungsleitung/UebungsleitungController.test.ts" name="UebungsleitungController &gt; invokes bound callbacks from init to cover interaction paths" time="0.0069445">
        </testcase>
    </testsuite>
    <testsuite name="tests/uebungsleitung/UebungsleitungView.test.ts" timestamp="2026-02-15T19:21:29.828Z" hostname="Mac.grafschaft.house" tests="13" failures="0" errors="0" skipped="0" time="0.407470041">
        <testcase classname="tests/uebungsleitung/UebungsleitungView.test.ts" name="UebungsleitungView &gt; renders meta, binds meta events and escapes values" time="0.102518167">
        </testcase>
        <testcase classname="tests/uebungsleitung/UebungsleitungView.test.ts" name="UebungsleitungView &gt; renders teilnehmer table and triggers teilnehmer callbacks" time="0.068895584">
        </testcase>
        <testcase classname="tests/uebungsleitung/UebungsleitungView.test.ts" name="UebungsleitungView &gt; renders nachrichten table and triggers nachrichten callbacks" time="0.039113833">
        </testcase>
        <testcase classname="tests/uebungsleitung/UebungsleitungView.test.ts" name="UebungsleitungView &gt; updates progress/stats/heatmap/timeline" time="0.069858792">
        </testcase>
        <testcase classname="tests/uebungsleitung/UebungsleitungView.test.ts" name="UebungsleitungView &gt; covers empty states and non-matching event branches" time="0.018106833">
        </testcase>
        <testcase classname="tests/uebungsleitung/UebungsleitungView.test.ts" name="UebungsleitungView &gt; filters message rows and handles timeline with no points" time="0.018980125">
        </testcase>
        <testcase classname="tests/uebungsleitung/UebungsleitungView.test.ts" name="UebungsleitungView &gt; handles update methods when nodes are missing" time="0.006969209">
        </testcase>
        <testcase classname="tests/uebungsleitung/UebungsleitungView.test.ts" name="UebungsleitungView &gt; covers render guards and branchy event paths" time="0.00738025">
        </testcase>
        <testcase classname="tests/uebungsleitung/UebungsleitungView.test.ts" name="UebungsleitungView &gt; renders participants without optional columns and timeline without existing chart" time="0.014472792">
        </testcase>
        <testcase classname="tests/uebungsleitung/UebungsleitungView.test.ts" name="UebungsleitungView &gt; covers participant columns combinations and detail rendering branches" time="0.023889584">
        </testcase>
        <testcase classname="tests/uebungsleitung/UebungsleitungView.test.ts" name="UebungsleitungView &gt; covers nachrichten event ignore paths and progress total zero" time="0.016833208">
        </testcase>
        <testcase classname="tests/uebungsleitung/UebungsleitungView.test.ts" name="UebungsleitungView &gt; covers timeline tooltip callback and missing canvas branch" time="0.010658833">
        </testcase>
        <testcase classname="tests/uebungsleitung/UebungsleitungView.test.ts" name="UebungsleitungView &gt; covers bind guards when containers are missing" time="0.00654625">
        </testcase>
    </testsuite>
</testsuites>
